 CVXDSAMP

 Timestamp is 681339bc (Thu May 01 19:07:08 2025)

 Preferred load address is 00400000

 Start         Length     Name                   Class
 0001:00000000 00000004H .bss                    CODE
 0001:00000010 00000016H .text                   CODE
 0001:00000028 00000190H _LDATA                  CODE
 0001:000001c0 0000035bH _LTEXT                  CODE
 0002:00000000 00000039H _RCODE                  CODE
 0003:00000000 00000039H _IDATA                  CODE
 0003:00000040 00000022H _ITEXT                  CODE

  Address         Publics by Value              Rva+Base   Lib:Object

 0001:00000000       _hSysVM                    00401000   <common>
 0001:00000028       _CVxD_W32_Proc             00401028   cvxdsamp.obj
 0001:00000168       CVXDSAMP_DDB               00401168   cvxdctrl.obj
 0001:000001c0       _CVXD_W32_DeviceIOControl@16 004011c0 f cvxdsamp.obj
 0001:00000248       _CVXD_W32_Proc1@12         00401248 f cvxdsamp.obj
 0001:00000294       _CVXD_W32_Proc2@12         00401294 f cvxdsamp.obj
 0001:000002d6       _CVXD_Dynamic_Exit@0       004012d6 f cvxdsamp.obj
 0001:000002f8       _CVXD_CleanUp@0            004012f8 f cvxdsamp.obj
 0001:0000031a       _CVXD_VMAPI@12             0040131a f cvxdsamp.obj
 0001:000003a0       _CVXD_PMAPI@12             004013a0 f cvxdsamp.obj
 0001:00000419       _V86Func1                  00401419 f cvxdsamp.obj
 0001:0000043b       _V86Func2                  0040143b f cvxdsamp.obj
 0001:0000045d       _PMFunc1                   0040145d f cvxdsamp.obj
 0001:0000047f       _PMFunc2                   0040147f f cvxdsamp.obj
 0001:000004a4       CVXD_Control               004014a4 f cvxdctrl.obj
 0001:000004d4       CVXD_VM                    004014d4 f cvxdctrl.obj
 0001:000004e6       CVXD_PM                    004014e6 f cvxdctrl.obj
 0001:000004f8       _LCODE_VKD_Get_Kbd_Owner   004014f8 f vkdgko.obj
 0001:00000504       _LCODE_Get_Execution_Focus 00401504 f vxdwraps:vmm131.obj
 0001:00000510       _LCODE_Get_Sys_VM_Handle   00401510 f vxdwraps:vmm0d1.obj
 0002:00000021       CVXD_Real_Init             00401621 f cvxdctrl.obj
 0003:00000040       _CVXD_Dynamic_Init@0       00401840 f cvxdsamp.obj

 entry point at        0002:00000021

 Static symbols

 0003:00000039       $$$00001                   00401839 f cvxdctrl.obj
 0001:000001b8       $$$00002                   004011b8 f cvxdctrl.obj
 0001:000004a4       $$$00003                   004014a4 f cvxdctrl.obj
 0001:000004d4       $$$00005                   004014d4 f cvxdctrl.obj
 0001:000004e6       $$$00007                   004014e6 f cvxdctrl.obj
 0001:000004f8       $$$00009                   004014f8 f cvxdctrl.obj
 0002:00000021       $$$00010                   00401621 f cvxdctrl.obj
 0002:00000039       $$$00012                   00401639 f cvxdctrl.obj
 0001:00000010       _Out_Debug_String          00401010 f cvxdsamp.obj

FIXUPS: 14aa e 12 14 12 fffffcf0 1e 59 11 14 27 1b 24 22 25 17 18 61 18
FIXUPS: 1425 22 22 22 3c1
